// Jest Snapshot v1, https://goo.gl/fbAQLP

exports[`Snapshot of solidarity extension 1`] = `
Object {
  "appendSolidaritySettings": [Function],
  "binaryExists": [Function],
  "buildSpecificRequirement": [Function],
  "checkCLI": [Function],
  "checkDir": [Function],
  "checkENV": [Function],
  "checkFile": [Function],
  "checkRequirement": [Function],
  "createPlugin": [Function],
  "getLineWithVersion": [Function],
  "getSolidaritySettings": [Function],
  "getVersion": [Function],
  "printResults": [Function],
  "removeNonVersionCharacters": [Function],
  "reviewRule": [Function],
  "ruleHandlers": Object {
    "cli": Object {
      "callback": [Function],
      "key": "binary",
    },
    "dir": Object {
      "callback": [Function],
      "key": "location",
    },
    "env": Object {
      "callback": [Function],
      "key": "variable",
    },
    "file": Object {
      "callback": [Function],
      "key": "location",
    },
    "shell": Object {
      "callback": [Function],
      "key": "command",
    },
  },
  "setOutputMode": [Function],
  "setSolidaritySettings": [Function],
  "skipRule": [Function],
  "updateRequirement": [Function],
  "updateVersions": [Function],
}
`;
