// Jest Snapshot v1, https://goo.gl/fbAQLP

exports[`getSolidaritySettings w/ .solidarity getSolidaritySettings exists 1`] = `[Function]`;
