// Jest Snapshot v1, https://goo.gl/fbAQLP

exports[`setSolidaritySettings exists 1`] = `[Function]`;
