// Jest Snapshot v1, https://goo.gl/fbAQLP

exports[`solidarityReport structure the basic function generates the Result object 1`] = `[Function]`;

exports[`solidarityReport structure the basic function generates the Result object 2`] = `
Array [
  Array [
    "Binary",
    "Location",
    "Version",
    "Desired",
  ],
]
`;

exports[`solidarityReport structure the basic function generates the Result object 3`] = `Array []`;

exports[`solidarityReport structure the basic function generates the Result object 4`] = `
Array [
  Array [
    "Environment Var",
    "Value",
  ],
]
`;

exports[`solidarityReport structure the basic function generates the Result object 5`] = `
Array [
  Array [
    "Location",
    "Type",
    "Exists",
  ],
]
`;

exports[`solidarityReport structure the basic function generates the Result object 6`] = `
Array [
  Array [
    "Command",
    "Pattern",
    "Matches",
  ],
]
`;
