// Jest Snapshot v1, https://goo.gl/fbAQLP

exports[`updateRequirement exists 1`] = `[Function]`;
