// Jest Snapshot v1, https://goo.gl/fbAQLP

exports[`updateVersions exists 1`] = `[Function]`;
