// Jest Snapshot v1, https://goo.gl/fbAQLP

exports[`Snapshot check help command 1`] = `
Object {
  "alias": "h",
  "description": "Displays this help",
  "run": [Function],
}
`;
