// Jest Snapshot v1, https://goo.gl/fbAQLP

exports[`Snapshot check snapshot command 1`] = `
Object {
  "alias": "s",
  "description": "Take a snapshot of the versions and store in solidarity file",
  "run": [Function],
}
`;
