// Jest Snapshot v1, https://goo.gl/fbAQLP

exports[`Snapshot check default command 1`] = `
Object {
  "description": "Check environment against solidarity rules",
  "run": [Function],
}
`;
