// Jest Snapshot v1, https://goo.gl/fbAQLP

exports[`Verify Runtime AND Configuration 1`] = `[Function]`;

exports[`ensure build 1`] = `undefined`;
